// Jest Snapshot v1, https://goo.gl/fbAQLP

exports[`CloudinaryImage default rendering CloudinaryImage 1`] = `
<picture>
  <source
    data-srcset="https://res.cloudinary.com/getethos/image/upload/c_fill,dpr_1.0,fl_progressive:semi,h_400,q_auto:eco,w_400/v1/something.com/otherthing.webp 1x, https://res.cloudinary.com/getethos/image/upload/c_fill,dpr_2.0,fl_progressive:semi,h_400,q_auto:eco,w_400/v1/something.com/otherthing.webp 2x, https://res.cloudinary.com/getethos/image/upload/c_fill,dpr_3.0,fl_progressive:semi,h_400,q_auto:eco,w_400/v1/something.com/otherthing.webp 3x"
    media="(min-width: 1200px)"
    type="image/webp"
  />
  <source
    data-srcset="https://res.cloudinary.com/getethos/image/upload/c_fill,dpr_1.0,fl_progressive:semi,h_300,q_auto:eco,w_300/v1/something.com/otherthing.webp 1x, https://res.cloudinary.com/getethos/image/upload/c_fill,dpr_2.0,fl_progressive:semi,h_300,q_auto:eco,w_300/v1/something.com/otherthing.webp 2x, https://res.cloudinary.com/getethos/image/upload/c_fill,dpr_3.0,fl_progressive:semi,h_300,q_auto:eco,w_300/v1/something.com/otherthing.webp 3x"
    media="(min-width: 900px)"
    type="image/webp"
  />
  <source
    data-srcset="https://res.cloudinary.com/getethos/image/upload/c_fill,dpr_1.0,fl_progressive:semi,h_200,q_auto:eco,w_200/v1/something.com/otherthing.webp 1x, https://res.cloudinary.com/getethos/image/upload/c_fill,dpr_2.0,fl_progressive:semi,h_200,q_auto:eco,w_200/v1/something.com/otherthing.webp 2x, https://res.cloudinary.com/getethos/image/upload/c_fill,dpr_3.0,fl_progressive:semi,h_200,q_auto:eco,w_200/v1/something.com/otherthing.webp 3x"
    media="(min-width: 600px)"
    type="image/webp"
  />
  <source
    data-srcset="https://res.cloudinary.com/getethos/image/upload/c_fill,dpr_1.0,fl_progressive:semi,h_100,q_auto:eco,w_100/v1/something.com/otherthing.webp 1x, https://res.cloudinary.com/getethos/image/upload/c_fill,dpr_2.0,fl_progressive:semi,h_100,q_auto:eco,w_100/v1/something.com/otherthing.webp 2x, https://res.cloudinary.com/getethos/image/upload/c_fill,dpr_3.0,fl_progressive:semi,h_100,q_auto:eco,w_100/v1/something.com/otherthing.webp 3x"
    media="(max-width: 599px)"
    type="image/webp"
  />
  <source
    data-srcset="https://res.cloudinary.com/getethos/image/upload/c_fill,dpr_1.0,fl_progressive:semi,h_400,q_auto:eco,w_400/v1/something.com/otherthing.jp2 1x, https://res.cloudinary.com/getethos/image/upload/c_fill,dpr_2.0,fl_progressive:semi,h_400,q_auto:eco,w_400/v1/something.com/otherthing.jp2 2x, https://res.cloudinary.com/getethos/image/upload/c_fill,dpr_3.0,fl_progressive:semi,h_400,q_auto:eco,w_400/v1/something.com/otherthing.jp2 3x"
    media="(min-width: 1200px)"
    type="image/jp2"
  />
  <source
    data-srcset="https://res.cloudinary.com/getethos/image/upload/c_fill,dpr_1.0,fl_progressive:semi,h_300,q_auto:eco,w_300/v1/something.com/otherthing.jp2 1x, https://res.cloudinary.com/getethos/image/upload/c_fill,dpr_2.0,fl_progressive:semi,h_300,q_auto:eco,w_300/v1/something.com/otherthing.jp2 2x, https://res.cloudinary.com/getethos/image/upload/c_fill,dpr_3.0,fl_progressive:semi,h_300,q_auto:eco,w_300/v1/something.com/otherthing.jp2 3x"
    media="(min-width: 900px)"
    type="image/jp2"
  />
  <source
    data-srcset="https://res.cloudinary.com/getethos/image/upload/c_fill,dpr_1.0,fl_progressive:semi,h_200,q_auto:eco,w_200/v1/something.com/otherthing.jp2 1x, https://res.cloudinary.com/getethos/image/upload/c_fill,dpr_2.0,fl_progressive:semi,h_200,q_auto:eco,w_200/v1/something.com/otherthing.jp2 2x, https://res.cloudinary.com/getethos/image/upload/c_fill,dpr_3.0,fl_progressive:semi,h_200,q_auto:eco,w_200/v1/something.com/otherthing.jp2 3x"
    media="(min-width: 600px)"
    type="image/jp2"
  />
  <source
    data-srcset="https://res.cloudinary.com/getethos/image/upload/c_fill,dpr_1.0,fl_progressive:semi,h_100,q_auto:eco,w_100/v1/something.com/otherthing.jp2 1x, https://res.cloudinary.com/getethos/image/upload/c_fill,dpr_2.0,fl_progressive:semi,h_100,q_auto:eco,w_100/v1/something.com/otherthing.jp2 2x, https://res.cloudinary.com/getethos/image/upload/c_fill,dpr_3.0,fl_progressive:semi,h_100,q_auto:eco,w_100/v1/something.com/otherthing.jp2 3x"
    media="(max-width: 599px)"
    type="image/jp2"
  />
  <source
    data-srcset="https://res.cloudinary.com/getethos/image/upload/c_fill,dpr_1.0,fl_progressive:semi,h_400,q_auto:eco,w_400/v1/something.com/otherthing.jpeg 1x, https://res.cloudinary.com/getethos/image/upload/c_fill,dpr_2.0,fl_progressive:semi,h_400,q_auto:eco,w_400/v1/something.com/otherthing.jpeg 2x, https://res.cloudinary.com/getethos/image/upload/c_fill,dpr_3.0,fl_progressive:semi,h_400,q_auto:eco,w_400/v1/something.com/otherthing.jpeg 3x"
    media="(min-width: 1200px)"
    type="image/jpeg"
  />
  <source
    data-srcset="https://res.cloudinary.com/getethos/image/upload/c_fill,dpr_1.0,fl_progressive:semi,h_300,q_auto:eco,w_300/v1/something.com/otherthing.jpeg 1x, https://res.cloudinary.com/getethos/image/upload/c_fill,dpr_2.0,fl_progressive:semi,h_300,q_auto:eco,w_300/v1/something.com/otherthing.jpeg 2x, https://res.cloudinary.com/getethos/image/upload/c_fill,dpr_3.0,fl_progressive:semi,h_300,q_auto:eco,w_300/v1/something.com/otherthing.jpeg 3x"
    media="(min-width: 900px)"
    type="image/jpeg"
  />
  <source
    data-srcset="https://res.cloudinary.com/getethos/image/upload/c_fill,dpr_1.0,fl_progressive:semi,h_200,q_auto:eco,w_200/v1/something.com/otherthing.jpeg 1x, https://res.cloudinary.com/getethos/image/upload/c_fill,dpr_2.0,fl_progressive:semi,h_200,q_auto:eco,w_200/v1/something.com/otherthing.jpeg 2x, https://res.cloudinary.com/getethos/image/upload/c_fill,dpr_3.0,fl_progressive:semi,h_200,q_auto:eco,w_200/v1/something.com/otherthing.jpeg 3x"
    media="(min-width: 600px)"
    type="image/jpeg"
  />
  <source
    data-srcset="https://res.cloudinary.com/getethos/image/upload/c_fill,dpr_1.0,fl_progressive:semi,h_100,q_auto:eco,w_100/v1/something.com/otherthing.jpeg 1x, https://res.cloudinary.com/getethos/image/upload/c_fill,dpr_2.0,fl_progressive:semi,h_100,q_auto:eco,w_100/v1/something.com/otherthing.jpeg 2x, https://res.cloudinary.com/getethos/image/upload/c_fill,dpr_3.0,fl_progressive:semi,h_100,q_auto:eco,w_100/v1/something.com/otherthing.jpeg 3x"
    media="(max-width: 599px)"
    type="image/jpeg"
  />
  <img
    alt="alt text"
    className="Image lazyload testImage"
    data-src="https://res.cloudinary.com/getethos/image/upload/c_fill,dpr_1.0,fl_progressive:semi,q_auto:eco/v1/something.com/otherthing.jpeg"
  />
</picture>
`;
