// Jest Snapshot v1, https://goo.gl/fbAQLP

exports[`TextAreaInput default rendering 1`] = `
Array [
  <label
    className="Caption Theinhardt Medium500 GrayPrimary AllCaps"
    htmlFor="nombre"
  >
    The label
  </label>,
  <div
    aria-hidden={true}
    className="Spacer"
    style={
      Object {
        "height": 4,
      }
    }
  />,
  <textarea
    className="TextAreaInput Resize"
    data-tid="the-text-input"
    name="nombre"
    onBlur={[Function]}
    onChange={[Function]}
    placeholder=""
    value=""
  />,
  "",
]
`;
