// Jest Snapshot v1, https://goo.gl/fbAQLP

exports[`BirthdateInput default rendering 1`] = `
Array [
  <label
    className="Caption Theinhardt Medium500 GrayPrimary AllCaps"
    htmlFor="birthDate"
  >
    What is your birthdate?
  </label>,
  <div
    aria-hidden={true}
    className="Spacer"
    style={
      Object {
        "height": 4,
      }
    }
  />,
  <div
    className="TextInputWrapper"
  >
    <input
      autoComplete="bday"
      className="TextMaskedInput TextInputCommon TextInputStylable"
      data-tid="le-birthdate"
      disabled={false}
      guide={true}
      keepCharPositions={true}
      mask={
        Array [
          /\\\\d/,
          /\\\\d/,
          "/",
          /\\\\d/,
          /\\\\d/,
          "/",
          /\\\\d/,
          /\\\\d/,
          /\\\\d/,
          /\\\\d/,
        ]
      }
      name="birthDate"
      onBlur={[Function]}
      onChange={[Function]}
      pipe={[Function]}
      placeholder="mm/dd/yyyy"
      type="tel"
      value=""
    />
  </div>,
  "",
]
`;
