// Jest Snapshot v1, https://goo.gl/fbAQLP

exports[`TextInput default rendering 1`] = `
Array [
  <label
    className="Caption Theinhardt Medium500 GrayPrimary AllCaps"
    htmlFor="nombre"
  >
    The label
  </label>,
  <div
    aria-hidden={true}
    className="Spacer"
    style={
      Object {
        "height": 4,
      }
    }
  />,
  <div
    className="TextInputWrapper"
  >
    <input
      aria-label="nombre"
      autoComplete="name"
      className="TextInputCommon TextInputStylable"
      data-tid="the-text-input"
      name="nombre"
      onBlur={[Function]}
      onChange={[Function]}
      placeholder=""
      type="text"
      value=""
    />
  </div>,
  "",
]
`;
