// Jest Snapshot v1, https://goo.gl/fbAQLP

exports[`<UniversalNavbarExpanded> matches snapshot with no arguments 1`] = `
<div
  className="blockNavbar"
>
  <div
    className="navbar"
  >
    <ScrollDetector
      element="div"
      offsetHeight={0}
    >
      <div
        className="hamburger"
      >
        <TransformingBurgerButton
          clickHandler={[Function]}
          keyPressHandler={[Function]}
          showMobileMenu={false}
        />
      </div>
      <MobileMenu />
      <DesktopMenu />
    </ScrollDetector>
  </div>
</div>
`;
