// Jest Snapshot v1, https://goo.gl/fbAQLP

exports[`<UniversalNavbarExpanded> matches snapshot with no arguments 1`] = `
<div
  className="blockNavbar"
>
  <div
    className="navbar"
  >
    <ScrollDetector
      element="div"
      offsetHeight={0}
    >
      <Hamburger />
      <div
        className="phoneAndTablet"
      >
        <div
          className="hideMobileMenu"
        >
          <NavLink
            className="phoneLogo"
            href="/"
          >
            <svg
              className="logo"
              viewBox="0 0 971.997 180.498"
              xmlns="http://www.w3.org/2000/svg"
            >
              <title>
                Ethos Logo
              </title>
              <path
                d="M184.573 2.845v29.202h58.416v146.028h29.202V32.047h58.41V2.845H184.573zM0 2.845v175.23h129.318v-29.208H29.202v-43.806h86.988V75.859H29.202V32.047h100.116V2.845H0zm505.833 0v73.014h-87.612V2.845h-29.208v175.23h29.208v-73.014h87.612v73.014h29.202V2.845h-29.202zm252.688 16.523a63.8 63.8 0 0 0-90.228 0c-3.6 3.606-11.1 12.036-13.662 16.188a63.725 63.725 0 0 1 87.894 87.378l.984-.984c4.272-2.592 11.322-8.664 15.012-12.354a63.8 63.8 0 0 0 0-90.228"
                fill="white"
              />
              <path
                d="M650.356 127.535c-25.068-25.068-40.422-71.178-12.132-119.922L625 20.837a93.374 93.374 0 0 0 132.054 132.048l13.224-13.224c-46.422 26.988-92.616 15.18-119.922-12.126m251.813 53.175c42.42 0 69.828-21.018 69.828-53.55 0-30.5-21.438-41.532-56.034-49.428l-21.192-4.65c-19.08-4.218-29.424-9.12-29.424-22.944 0-14.094 13.134-23.2 33.462-23.2 18.966 0 35.658 7.044 45.942 19.362l22.008-17.69C954.645 15.51 933.273.21 899.583.21c-38.064 0-65.694 21.648-65.694 51.48 0 34.044 27.87 44.436 52.152 49.686l23.52 5.172c18.594 4.038 30.978 9.576 30.978 23.454 0 14.916-13.422 23.46-36.816 23.46-25.518 0-44.808-12.534-52.89-25.17l-24.15 17.388c12.438 17.046 38.64 35.028 75.486 35.028"
                fill="white"
              />
            </svg>
          </NavLink>
          <Hamburger />
          <div
            className="accordion"
          >
            <div
              className="accordionItem"
              onClick={[Function]}
              onKeyPress={[Function]}
              role="button"
              tabIndex={0}
            >
              <div
                className="accordionParent"
              >
                <PublicTypeComponent>
                  What we offer
                </PublicTypeComponent>
                <AccordionToggleIcon />
              </div>
              <div
                className="accordionChildren"
              >
                <div
                  className="accordionChild"
                >
                  <PublicTypeComponent>
                    <NavLink
                      href="/insurance/term-life-insurance/"
                    >
                      Our plans
                    </NavLink>
                  </PublicTypeComponent>
                </div>
                <div
                  className="accordionChild"
                >
                  <PublicTypeComponent>
                    <NavLink
                      href="/life/ethos-term-insurance/"
                    >
                      What is term life insurance and how much does it cost?
                    </NavLink>
                  </PublicTypeComponent>
                </div>
                <div
                  className="accordionChild"
                >
                  <PublicTypeComponent>
                    <NavLink
                      href="/how-it-works/"
                    >
                      How our application process works
                    </NavLink>
                  </PublicTypeComponent>
                </div>
                <div
                  className="accordionChild"
                >
                  <PublicTypeComponent>
                    <NavLink
                      href="/life/who-needs-life-insurance/"
                    >
                      Do I need life insurance?
                    </NavLink>
                  </PublicTypeComponent>
                </div>
                <div
                  className="accordionChild"
                >
                  <PublicTypeComponent>
                    <NavLink
                      href="/life/how-choose-right-type-life-insurance/"
                    >
                      Choosing your coverage amount and term length
                    </NavLink>
                  </PublicTypeComponent>
                </div>
                <div
                  className="accordionChild"
                >
                  <PublicTypeComponent>
                    <NavLink
                      href="/app/needs/"
                    >
                      Coverage calculator
                    </NavLink>
                  </PublicTypeComponent>
                </div>
              </div>
            </div>
            <div
              className="accordionItem"
              onClick={[Function]}
              onKeyPress={[Function]}
              role="button"
              tabIndex={0}
            >
              <div
                className="accordionParent"
              >
                <PublicTypeComponent>
                  Life insurance basics
                </PublicTypeComponent>
                <AccordionToggleIcon />
              </div>
              <div
                className="accordionChildren"
              >
                <div
                  className="accordionChild"
                >
                  <PublicTypeComponent>
                    <NavLink
                      href="/life/life-insurance-basics/"
                    >
                      Life insurance 101
                    </NavLink>
                  </PublicTypeComponent>
                </div>
                <div
                  className="accordionChild"
                >
                  <PublicTypeComponent>
                    <NavLink
                      href="/life/term-group-whole/"
                    >
                      What are the main types of life insurance and how do they work?
                    </NavLink>
                  </PublicTypeComponent>
                </div>
                <div
                  className="accordionChild"
                >
                  <PublicTypeComponent>
                    <NavLink
                      href="/life/underwriting-explained/"
                    >
                      What is underwriting and how long does it take?
                    </NavLink>
                  </PublicTypeComponent>
                </div>
                <div
                  className="accordionChild"
                >
                  <PublicTypeComponent>
                    <NavLink
                      href="/life/pick-beneficiary/"
                    >
                      Choosing your beneficiary
                    </NavLink>
                  </PublicTypeComponent>
                </div>
                <div
                  className="accordionChild"
                >
                  <PublicTypeComponent>
                    <NavLink
                      href="/life/who-needs-sp/"
                    >
                      What if I don't work?
                    </NavLink>
                  </PublicTypeComponent>
                </div>
                <div
                  className="accordionChild"
                >
                  <PublicTypeComponent>
                    <NavLink
                      href="/life/employer-sponsored-life-insurance/"
                    >
                      Is my life insurance through work enough?
                    </NavLink>
                  </PublicTypeComponent>
                </div>
              </div>
            </div>
            <div
              className="accordionItem"
              onClick={[Function]}
              onKeyPress={[Function]}
              role="button"
              tabIndex={0}
            >
              <div
                className="accordionParent"
              >
                <PublicTypeComponent>
                  Why Ethos
                </PublicTypeComponent>
                <AccordionToggleIcon />
              </div>
              <div
                className="accordionChildren"
              >
                <div
                  className="accordionChild"
                >
                  <PublicTypeComponent>
                    <NavLink
                      href="/why-ethos/"
                    >
                      The Ethos Difference
                    </NavLink>
                  </PublicTypeComponent>
                </div>
                <div
                  className="accordionChild"
                >
                  <PublicTypeComponent>
                    <NavLink
                      href="/about/"
                    >
                      Our mission
                    </NavLink>
                  </PublicTypeComponent>
                </div>
                <div
                  className="accordionChild"
                >
                  <PublicTypeComponent>
                    <NavLink
                      href="/reviews/"
                    >
                      Reviews
                    </NavLink>
                  </PublicTypeComponent>
                </div>
                <div
                  className="accordionChild"
                >
                  <PublicTypeComponent>
                    <NavLink
                      href="/life/customer-stories/"
                    >
                      Customer stories
                    </NavLink>
                  </PublicTypeComponent>
                </div>
                <div
                  className="accordionChild"
                >
                  <PublicTypeComponent>
                    <NavLink
                      href="/life/ethosforgood/"
                    >
                      Ethos for Good
                    </NavLink>
                  </PublicTypeComponent>
                </div>
                <div
                  className="accordionChild"
                >
                  <PublicTypeComponent>
                    <NavLink
                      href="/friends/"
                    >
                      Refer a friend
                    </NavLink>
                  </PublicTypeComponent>
                </div>
              </div>
            </div>
            <div
              className="accordionItem"
              onClick={[Function]}
              onKeyPress={[Function]}
              role="button"
              tabIndex={0}
            >
              <div
                className="accordionParent"
              >
                <PublicTypeComponent>
                  Help Center
                </PublicTypeComponent>
                <AccordionToggleIcon />
              </div>
              <div
                className="accordionChildren"
              >
                <div
                  className="accordionChild"
                >
                  <PublicTypeComponent>
                    <NavLink
                      href="/faq/"
                    >
                      FAQ
                    </NavLink>
                  </PublicTypeComponent>
                </div>
                <div
                  className="accordionChild"
                >
                  <PublicTypeComponent>
                    <NavLink
                      href="/faq/life-insurance-basics/"
                    >
                      Questions about life insurance
                    </NavLink>
                  </PublicTypeComponent>
                </div>
                <div
                  className="accordionChild"
                >
                  <PublicTypeComponent>
                    <NavLink
                      href="/faq/ethos/"
                    >
                      Questions about Ethos
                    </NavLink>
                  </PublicTypeComponent>
                </div>
                <div
                  className="accordionChild"
                >
                  <PublicTypeComponent>
                    <NavLink
                      href="/faq/application/"
                    >
                      Questions about your application
                    </NavLink>
                  </PublicTypeComponent>
                </div>
                <div
                  className="accordionChild"
                >
                  <PublicTypeComponent>
                    <NavLink
                      href="/faq/policy/"
                    >
                      Questions about your policy
                    </NavLink>
                  </PublicTypeComponent>
                </div>
                <div
                  className="accordionChild"
                >
                  <PublicTypeComponent>
                    <NavLink
                      href="/contact-us/"
                    >
                      Contact us
                    </NavLink>
                  </PublicTypeComponent>
                </div>
              </div>
            </div>
          </div>
          <div
            className="belowAccordion"
          >
            <div
              className="belowAccordionItem"
            >
              <NavLink
                href="/term"
              >
                <PublicTypeComponent>
                  Check my price
                </PublicTypeComponent>
              </NavLink>
            </div>
            <div
              className="belowAccordionItem"
            >
              <NavLink
                LinkComponent={null}
                href="/login/"
              >
                <PublicTypeComponent>
                  Account
                </PublicTypeComponent>
              </NavLink>
            </div>
            <div
              className="belowAccordionItem"
            >
              <NavLink
                href="/search/"
              >
                <PublicTypeComponent>
                  Search
                </PublicTypeComponent>
              </NavLink>
            </div>
          </div>
        </div>
        <NavLink
          className="phoneLogoFancy"
          href="/"
        >
          <div
            aria-label="Ethos"
            role="img"
            style={
              Object {
                "height": 16,
                "position": "relative",
                "width": 86.6,
              }
            }
          >
            <svg
              alt=""
              className="letter fancyE"
              viewBox="0 0 971.997 180.498"
              xmlns="http://www.w3.org/2000/svg"
            >
              <title>
                ethos-logo-E
              </title>
              <path
                d="M0 2.845v175.23h129.318v-29.208H29.202v-43.806h86.988V75.859H29.202V32.047h100.116V2.845H0z"
              />
            </svg>
            <svg
              alt=""
              className="letter fancyT"
              viewBox="0 0 971.997 180.498"
              xmlns="http://www.w3.org/2000/svg"
            >
              <title>
                ethos-logo-T
              </title>
              <path
                d="M184.573 2.845v29.202h58.416v146.028h29.202V32.047h58.41V2.845H184.573z"
              />
            </svg>
            <svg
              alt=""
              className="letter fancyH"
              viewBox="0 0 971.997 180.498"
              xmlns="http://www.w3.org/2000/svg"
            >
              <title>
                ethos-logo-H
              </title>
              <path
                d="M505.833 2.845v73.014h-87.612V2.845h-29.208v175.23h29.208v-73.014h87.612v73.014h29.202V2.845h-29.202z"
              />
            </svg>
            <svg
              alt=""
              className="letter fancyO"
              viewBox="0 0 971.997 180.498"
              xmlns="http://www.w3.org/2000/svg"
            >
              <title>
                ethos-logo-O
              </title>
              <path
                d="M758.521 19.368a63.8 63.8 0 0 0-90.227 0c-3.6 3.606-11.1 12.036-13.662 16.188a63.725 63.725 0 0 1 87.894 87.378l.984-.984c4.272-2.592 11.322-8.664 15.012-12.354a63.8 63.8 0 0 0 0-90.227"
              />
              <path
                d="M650.356 127.535c-25.068-25.068-40.422-71.178-12.132-119.922L625 20.837a93.374 93.374 0 1 0 132.054 132.048l13.224-13.224c-46.422 26.988-92.616 15.18-119.922-12.126"
              />
            </svg>
            <svg
              alt=""
              className="letter fancyS"
              viewBox="0 0 971.997 180.498"
              xmlns="http://www.w3.org/2000/svg"
            >
              <title>
                ethos-logo-S
              </title>
              <path
                d="M902.169 180.71c42.42 0 69.828-21.018 69.828-53.55 0-30.5-21.438-41.532-56.034-49.428l-21.192-4.65c-19.08-4.218-29.424-9.12-29.424-22.944 0-14.094 13.134-23.2 33.462-23.2 18.966 0 35.658 7.044 45.942 19.362l22.008-17.69C954.645 15.51 933.273.21 899.583.21c-38.064 0-65.694 21.648-65.694 51.48 0 34.044 27.87 44.436 52.152 49.686l23.52 5.172c18.594 4.038 30.978 9.576 30.978 23.454 0 14.916-13.422 23.46-36.816 23.46-25.518 0-44.808-12.534-52.89-25.17l-24.15 17.388c12.438 17.046 38.64 35.028 75.486 35.028"
              />
            </svg>
          </div>
        </NavLink>
        <a
          className="cta-button show-when-scrolled"
          href="/term"
          onClick={[Function]}
        >
          <PublicButtonComponent>
            Check my price
          </PublicButtonComponent>
        </a>
        <NavLink
          className="searchIcon"
          href="/search/"
        >
          <SearchIcon />
        </NavLink>
      </div>
      <div
        className="laptopAndUp"
      >
        <div
          className="laptopAndUpContainer"
        >
          <div
            className="flex itemsCenter"
          >
            <NavLink
              href="/"
            >
              <svg
                className="logo"
                viewBox="0 0 971.997 180.498"
                xmlns="http://www.w3.org/2000/svg"
              >
                <title>
                  Ethos Logo
                </title>
                <path
                  d="M184.573 2.845v29.202h58.416v146.028h29.202V32.047h58.41V2.845H184.573zM0 2.845v175.23h129.318v-29.208H29.202v-43.806h86.988V75.859H29.202V32.047h100.116V2.845H0zm505.833 0v73.014h-87.612V2.845h-29.208v175.23h29.208v-73.014h87.612v73.014h29.202V2.845h-29.202zm252.688 16.523a63.8 63.8 0 0 0-90.228 0c-3.6 3.606-11.1 12.036-13.662 16.188a63.725 63.725 0 0 1 87.894 87.378l.984-.984c4.272-2.592 11.322-8.664 15.012-12.354a63.8 63.8 0 0 0 0-90.228"
                />
                <path
                  d="M650.356 127.535c-25.068-25.068-40.422-71.178-12.132-119.922L625 20.837a93.374 93.374 0 0 0 132.054 132.048l13.224-13.224c-46.422 26.988-92.616 15.18-119.922-12.126m251.813 53.175c42.42 0 69.828-21.018 69.828-53.55 0-30.5-21.438-41.532-56.034-49.428l-21.192-4.65c-19.08-4.218-29.424-9.12-29.424-22.944 0-14.094 13.134-23.2 33.462-23.2 18.966 0 35.658 7.044 45.942 19.362l22.008-17.69C954.645 15.51 933.273.21 899.583.21c-38.064 0-65.694 21.648-65.694 51.48 0 34.044 27.87 44.436 52.152 49.686l23.52 5.172c18.594 4.038 30.978 9.576 30.978 23.454 0 14.916-13.422 23.46-36.816 23.46-25.518 0-44.808-12.534-52.89-25.17l-24.15 17.388c12.438 17.046 38.64 35.028 75.486 35.028"
                />
              </svg>
            </NavLink>
            <div
              className="dropdownNav"
            >
              <div
                className="dropdownNavParent"
              >
                <PublicTypeComponent>
                  What we offer
                  <span
                    className="dropdownNavParentIcon"
                  >
                    <DropdownParentIcon />
                  </span>
                </PublicTypeComponent>
                <div
                  className="dropdownNavChildren"
                >
                  <HorizontallyPaddedContainer
                    element="div"
                  >
                    <div
                      className="dropdownNavChildrenInner"
                    >
                      <div
                        className="dropdownNavChildrenCta"
                      >
                        <NavLink
                          href="/insurance/term-life-insurance/"
                        >
                          <PublicTypeComponent>
                            <span>
                              Our plans
                            </span>
                            <DropdownLinkIcon />
                          </PublicTypeComponent>
                          <PublicSpacerComponent />
                          <PublicTypeComponent
                            color="GraySecondary"
                          >
                            Learn more about term life insurance and the plans and options you have available.
                          </PublicTypeComponent>
                        </NavLink>
                      </div>
                      <div
                        className="dropdownNavChildrenItems"
                      >
                        <div
                          className="dropdownNavChild"
                        >
                          <PublicTypeComponent>
                            <NavLink
                              href="/life/ethos-term-insurance/"
                            >
                              <span>
                                What is term life insurance and how much does it cost?
                              </span>
                              <DropdownLinkIcon />
                            </NavLink>
                          </PublicTypeComponent>
                        </div>
                        <div
                          className="dropdownNavChild"
                        >
                          <PublicTypeComponent>
                            <NavLink
                              href="/how-it-works/"
                            >
                              <span>
                                How our application process works
                              </span>
                              <DropdownLinkIcon />
                            </NavLink>
                          </PublicTypeComponent>
                        </div>
                        <div
                          className="dropdownNavChild"
                        >
                          <PublicTypeComponent>
                            <NavLink
                              href="/life/who-needs-life-insurance/"
                            >
                              <span>
                                Do I need life insurance?
                              </span>
                              <DropdownLinkIcon />
                            </NavLink>
                          </PublicTypeComponent>
                        </div>
                        <div
                          className="dropdownNavChild"
                        >
                          <PublicTypeComponent>
                            <NavLink
                              href="/life/how-choose-right-type-life-insurance/"
                            >
                              <span>
                                Choosing your coverage amount and term length
                              </span>
                              <DropdownLinkIcon />
                            </NavLink>
                          </PublicTypeComponent>
                        </div>
                        <div
                          className="dropdownNavChild"
                        >
                          <PublicTypeComponent>
                            <NavLink
                              href="/app/needs/"
                            >
                              <span>
                                Coverage calculator
                              </span>
                              <DropdownLinkIcon />
                            </NavLink>
                          </PublicTypeComponent>
                        </div>
                      </div>
                    </div>
                  </HorizontallyPaddedContainer>
                </div>
              </div>
              <div
                className="dropdownNavParent"
              >
                <PublicTypeComponent>
                  Life insurance basics
                  <span
                    className="dropdownNavParentIcon"
                  >
                    <DropdownParentIcon />
                  </span>
                </PublicTypeComponent>
                <div
                  className="dropdownNavChildren"
                >
                  <HorizontallyPaddedContainer
                    element="div"
                  >
                    <div
                      className="dropdownNavChildrenInner"
                    >
                      <div
                        className="dropdownNavChildrenCta"
                      >
                        <NavLink
                          href="/life/life-insurance-basics/"
                        >
                          <PublicTypeComponent>
                            <span>
                              Life insurance 101
                            </span>
                            <DropdownLinkIcon />
                          </PublicTypeComponent>
                          <PublicSpacerComponent />
                          <PublicTypeComponent
                            color="GraySecondary"
                          >
                            Wondering where to start? We’ve broken down the essentials for you.
                          </PublicTypeComponent>
                        </NavLink>
                      </div>
                      <div
                        className="dropdownNavChildrenItems"
                      >
                        <div
                          className="dropdownNavChild"
                        >
                          <PublicTypeComponent>
                            <NavLink
                              href="/life/term-group-whole/"
                            >
                              <span>
                                What are the main types of life insurance and how do they work?
                              </span>
                              <DropdownLinkIcon />
                            </NavLink>
                          </PublicTypeComponent>
                        </div>
                        <div
                          className="dropdownNavChild"
                        >
                          <PublicTypeComponent>
                            <NavLink
                              href="/life/underwriting-explained/"
                            >
                              <span>
                                What is underwriting and how long does it take?
                              </span>
                              <DropdownLinkIcon />
                            </NavLink>
                          </PublicTypeComponent>
                        </div>
                        <div
                          className="dropdownNavChild"
                        >
                          <PublicTypeComponent>
                            <NavLink
                              href="/life/pick-beneficiary/"
                            >
                              <span>
                                Choosing your beneficiary
                              </span>
                              <DropdownLinkIcon />
                            </NavLink>
                          </PublicTypeComponent>
                        </div>
                        <div
                          className="dropdownNavChild"
                        >
                          <PublicTypeComponent>
                            <NavLink
                              href="/life/who-needs-sp/"
                            >
                              <span>
                                What if I don't work?
                              </span>
                              <DropdownLinkIcon />
                            </NavLink>
                          </PublicTypeComponent>
                        </div>
                        <div
                          className="dropdownNavChild"
                        >
                          <PublicTypeComponent>
                            <NavLink
                              href="/life/employer-sponsored-life-insurance/"
                            >
                              <span>
                                Is my life insurance through work enough?
                              </span>
                              <DropdownLinkIcon />
                            </NavLink>
                          </PublicTypeComponent>
                        </div>
                      </div>
                    </div>
                  </HorizontallyPaddedContainer>
                </div>
              </div>
              <div
                className="dropdownNavParent"
              >
                <PublicTypeComponent>
                  Why Ethos
                  <span
                    className="dropdownNavParentIcon"
                  >
                    <DropdownParentIcon />
                  </span>
                </PublicTypeComponent>
                <div
                  className="dropdownNavChildren"
                >
                  <HorizontallyPaddedContainer
                    element="div"
                  >
                    <div
                      className="dropdownNavChildrenInner"
                    >
                      <div
                        className="dropdownNavChildrenCta"
                      >
                        <NavLink
                          href="/why-ethos/"
                        >
                          <PublicTypeComponent>
                            <span>
                              The Ethos Difference
                            </span>
                            <DropdownLinkIcon />
                          </PublicTypeComponent>
                          <PublicSpacerComponent />
                          <PublicTypeComponent
                            color="GraySecondary"
                          >
                            We put people before profit. Find out how we bring our policyholders the best experience possible.
                          </PublicTypeComponent>
                        </NavLink>
                      </div>
                      <div
                        className="dropdownNavChildrenItems"
                      >
                        <div
                          className="dropdownNavChild"
                        >
                          <PublicTypeComponent>
                            <NavLink
                              href="/about/"
                            >
                              <span>
                                Our mission
                              </span>
                              <DropdownLinkIcon />
                            </NavLink>
                          </PublicTypeComponent>
                        </div>
                        <div
                          className="dropdownNavChild"
                        >
                          <PublicTypeComponent>
                            <NavLink
                              href="/reviews/"
                            >
                              <span>
                                Reviews
                              </span>
                              <DropdownLinkIcon />
                            </NavLink>
                          </PublicTypeComponent>
                        </div>
                        <div
                          className="dropdownNavChild"
                        >
                          <PublicTypeComponent>
                            <NavLink
                              href="/life/customer-stories/"
                            >
                              <span>
                                Customer stories
                              </span>
                              <DropdownLinkIcon />
                            </NavLink>
                          </PublicTypeComponent>
                        </div>
                        <div
                          className="dropdownNavChild"
                        >
                          <PublicTypeComponent>
                            <NavLink
                              href="/life/ethosforgood/"
                            >
                              <span>
                                Ethos for Good
                              </span>
                              <DropdownLinkIcon />
                            </NavLink>
                          </PublicTypeComponent>
                        </div>
                        <div
                          className="dropdownNavChild"
                        >
                          <PublicTypeComponent>
                            <NavLink
                              href="/friends/"
                            >
                              <span>
                                Refer a friend
                              </span>
                              <DropdownLinkIcon />
                            </NavLink>
                          </PublicTypeComponent>
                        </div>
                      </div>
                    </div>
                  </HorizontallyPaddedContainer>
                </div>
              </div>
              <div
                className="dropdownNavParent"
              >
                <PublicTypeComponent>
                  Help Center
                  <span
                    className="dropdownNavParentIcon"
                  >
                    <DropdownParentIcon />
                  </span>
                </PublicTypeComponent>
                <div
                  className="dropdownNavChildren"
                >
                  <HorizontallyPaddedContainer
                    element="div"
                  >
                    <div
                      className="dropdownNavChildrenInner"
                    >
                      <div
                        className="dropdownNavChildrenCta"
                      >
                        <NavLink
                          href="/faq/"
                        >
                          <PublicTypeComponent>
                            <span>
                              FAQ
                            </span>
                            <DropdownLinkIcon />
                          </PublicTypeComponent>
                          <PublicSpacerComponent />
                          <PublicTypeComponent
                            color="GraySecondary"
                          >
                            Life insurance can be complicated, but don’t worry. We’re here to help answer your questions.
                          </PublicTypeComponent>
                        </NavLink>
                      </div>
                      <div
                        className="dropdownNavChildrenItems"
                      >
                        <div
                          className="dropdownNavChild"
                        >
                          <PublicTypeComponent>
                            <NavLink
                              href="/faq/life-insurance-basics/"
                            >
                              <span>
                                Questions about life insurance
                              </span>
                              <DropdownLinkIcon />
                            </NavLink>
                          </PublicTypeComponent>
                        </div>
                        <div
                          className="dropdownNavChild"
                        >
                          <PublicTypeComponent>
                            <NavLink
                              href="/faq/ethos/"
                            >
                              <span>
                                Questions about Ethos
                              </span>
                              <DropdownLinkIcon />
                            </NavLink>
                          </PublicTypeComponent>
                        </div>
                        <div
                          className="dropdownNavChild"
                        >
                          <PublicTypeComponent>
                            <NavLink
                              href="/faq/application/"
                            >
                              <span>
                                Questions about your application
                              </span>
                              <DropdownLinkIcon />
                            </NavLink>
                          </PublicTypeComponent>
                        </div>
                        <div
                          className="dropdownNavChild"
                        >
                          <PublicTypeComponent>
                            <NavLink
                              href="/faq/policy/"
                            >
                              <span>
                                Questions about your policy
                              </span>
                              <DropdownLinkIcon />
                            </NavLink>
                          </PublicTypeComponent>
                        </div>
                        <div
                          className="dropdownNavChild"
                        >
                          <PublicTypeComponent>
                            <NavLink
                              href="/contact-us/"
                            >
                              <span>
                                Contact us
                              </span>
                              <DropdownLinkIcon />
                            </NavLink>
                          </PublicTypeComponent>
                        </div>
                      </div>
                    </div>
                  </HorizontallyPaddedContainer>
                </div>
              </div>
            </div>
          </div>
          <div
            className="flex itemsCenter"
          >
            <NavLink
              className="searchIcon"
              href="/search/"
            >
              <SearchIcon />
            </NavLink>
            <NavLink
              LinkComponent={null}
              className="accountIcon"
              href="/login/"
            >
              <AccountIcon />
            </NavLink>
            <div
              className="cta"
            >
              <a
                className="cta-button "
                href="/term"
                onClick={[Function]}
              >
                <PublicButtonComponent>
                  Check my price
                </PublicButtonComponent>
              </a>
            </div>
          </div>
        </div>
      </div>
    </ScrollDetector>
  </div>
</div>
`;
