// Jest Snapshot v1, https://goo.gl/fbAQLP

exports[`RadioButtonGroup default rendering RadioButtonGroup 1`] = `
<fieldset
  aria-labelledby="gender"
  className="RadioButtonGroup"
  onBlur={[Function]}
  onKeyDown={[Function]}
  role="radiogroup"
>
  <span
    className="Caption Theinhardt Medium500 GrayPrimary AllCaps"
    id="gender"
  >
    When would you like to apply?
  </span>
  <div
    aria-hidden={true}
    className="Spacer"
    style={
      Object {
        "height": 8,
      }
    }
  />
  <label
    className="RadioButton"
  >
    <span
      aria-checked={true}
      role="radio"
      tabIndex={0}
      value="M"
    >
      <input
        checked={true}
        data-tid="gender-male"
        name="gender"
        onChange={[Function]}
        onClick={[Function]}
        type="radio"
        value="M"
      />
      <aside />
    </span>
    <div
      className="Body Theinhardt Regular400 GrayPrimary"
    >
      Male
    </div>
  </label>
  <label
    className="RadioButton"
  >
    <span
      aria-checked={false}
      role="radio"
      tabIndex={-1}
      value="F"
    >
      <input
        checked={false}
        data-tid="gender-female"
        name="gender"
        onChange={[Function]}
        onClick={[Function]}
        type="radio"
        value="F"
      />
      <aside />
    </span>
    <div
      className="Body Theinhardt Regular400 GrayPrimary"
    >
      Female
    </div>
  </label>
  
</fieldset>
`;
