// Jest Snapshot v1, https://goo.gl/fbAQLP

exports[`Accordian default rendering 1`] = `
Object {
  "asFragment": [Function],
  "baseElement": <body>
    <div>
      <div>
        <div
          aria-controls="undefined-0-section"
          class="Label"
          id="undefined-0-label"
          role="button"
          tabindex="0"
        >
          Section 1
          <span
            aria-hidden="true"
          >
            ▼
          </span>
        </div>
        <div
          aria-labelledby="undefined-0-label"
          class="Panel"
          hidden=""
          id="undefined-0-section"
          role="region"
        >
          <p>
            para
          </p>
          <span>
            span
          </span>
        </div>
        <div
          aria-controls="undefined-1-section"
          aria-expanded="true"
          class="Label"
          id="undefined-1-label"
          role="button"
          tabindex="0"
        >
          Section 2
          <span
            aria-hidden="true"
          >
            ▲
          </span>
        </div>
        <div
          aria-labelledby="undefined-1-label"
          class="Panel"
          id="undefined-1-section"
          role="region"
        >
          <p>
            para
          </p>
          <span>
            span
          </span>
        </div>
      </div>
    </div>
  </body>,
  "container": <div>
    <div>
      <div
        aria-controls="undefined-0-section"
        class="Label"
        id="undefined-0-label"
        role="button"
        tabindex="0"
      >
        Section 1
        <span
          aria-hidden="true"
        >
          ▼
        </span>
      </div>
      <div
        aria-labelledby="undefined-0-label"
        class="Panel"
        hidden=""
        id="undefined-0-section"
        role="region"
      >
        <p>
          para
        </p>
        <span>
          span
        </span>
      </div>
      <div
        aria-controls="undefined-1-section"
        aria-expanded="true"
        class="Label"
        id="undefined-1-label"
        role="button"
        tabindex="0"
      >
        Section 2
        <span
          aria-hidden="true"
        >
          ▲
        </span>
      </div>
      <div
        aria-labelledby="undefined-1-label"
        class="Panel"
        id="undefined-1-section"
        role="region"
      >
        <p>
          para
        </p>
        <span>
          span
        </span>
      </div>
    </div>
  </div>,
  "debug": [Function],
  "findAllByAltText": [Function],
  "findAllByDisplayValue": [Function],
  "findAllByLabelText": [Function],
  "findAllByPlaceholderText": [Function],
  "findAllByRole": [Function],
  "findAllByTestId": [Function],
  "findAllByText": [Function],
  "findAllByTitle": [Function],
  "findByAltText": [Function],
  "findByDisplayValue": [Function],
  "findByLabelText": [Function],
  "findByPlaceholderText": [Function],
  "findByRole": [Function],
  "findByTestId": [Function],
  "findByText": [Function],
  "findByTitle": [Function],
  "getAllByAltText": [Function],
  "getAllByDisplayValue": [Function],
  "getAllByLabelText": [Function],
  "getAllByPlaceholderText": [Function],
  "getAllByRole": [Function],
  "getAllByTestId": [Function],
  "getAllByText": [Function],
  "getAllByTitle": [Function],
  "getByAltText": [Function],
  "getByDisplayValue": [Function],
  "getByLabelText": [Function],
  "getByPlaceholderText": [Function],
  "getByRole": [Function],
  "getByTestId": [Function],
  "getByText": [Function],
  "getByTitle": [Function],
  "queryAllByAltText": [Function],
  "queryAllByDisplayValue": [Function],
  "queryAllByLabelText": [Function],
  "queryAllByPlaceholderText": [Function],
  "queryAllByRole": [Function],
  "queryAllByTestId": [Function],
  "queryAllByText": [Function],
  "queryAllByTitle": [Function],
  "queryByAltText": [Function],
  "queryByDisplayValue": [Function],
  "queryByLabelText": [Function],
  "queryByPlaceholderText": [Function],
  "queryByRole": [Function],
  "queryByTestId": [Function],
  "queryByText": [Function],
  "queryByTitle": [Function],
  "rerender": [Function],
  "unmount": [Function],
}
`;
