// Jest Snapshot v1, https://goo.gl/fbAQLP

exports[`EmailInput default rendering 1`] = `
Array [
  <label
    className="Caption Theinhardt Medium500 GrayPrimary AllCaps"
    htmlFor="the-email-input-example"
  >
    Your email
  </label>,
  <div
    aria-hidden={true}
    className="Spacer"
    style={
      Object {
        "height": 4,
      }
    }
  />,
  <input
    aria-label="the-email-input-example"
    autoComplete="email"
    className="TextInput"
    data-tid="the-email-input"
    name="the-email-input-example"
    onBlur={[Function]}
    onChange={[Function]}
    placeholder="example@ethoslife.com"
    type="email"
    value=""
  />,
  "",
]
`;
