// Jest Snapshot v1, https://goo.gl/fbAQLP

exports[`BirthdateInput default rendering 1`] = `
Array [
  <label
    className="Caption Theinhardt Medium500 GrayPrimary AllCaps"
    htmlFor="birthdate-auto-corrected"
  >
    What is your birthdate?
  </label>,
  <div
    className="Spacer"
    style={
      Object {
        "height": 8,
      }
    }
  />,
  <input
    className="TextMaskedInput TextInput"
    data-tid="le-birthdate"
    disabled={false}
    guide={true}
    keepCharPositions={true}
    mask={
      Array [
        /\\\\d/,
        /\\\\d/,
        "/",
        /\\\\d/,
        /\\\\d/,
        "/",
        /\\\\d/,
        /\\\\d/,
        /\\\\d/,
        /\\\\d/,
      ]
    }
    name="birthdate-auto-corrected"
    onBlur={[Function]}
    onChange={[Function]}
    onPaste={[Function]}
    pipe={[Function]}
    placeholder="mm/dd/yyyy"
    type="tel"
    value=""
  />,
  "",
]
`;
